Copyright 1986-2021 Xilinx, Inc. All Rights Reserved.
------------------------------------------------------------------------------------------------------------
| Tool Version : Vivado v.2021.1 (win64) Build 3247384 Thu Jun 10 19:36:33 MDT 2021
| Date         : Mon Apr 22 02:33:14 2024
| Host         : P2-01 running 64-bit major release  (build 9200)
| Command      : report_drc -file Wrapper_drc_opted.rpt -pb Wrapper_drc_opted.pb -rpx Wrapper_drc_opted.rpx
| Design       : Wrapper
| Device       : xc7a100tcsg324-1
| Speed File   : -1
| Design State : Synthesized
------------------------------------------------------------------------------------------------------------

Report DRC

Table of Contents
-----------------
1. REPORT SUMMARY
2. REPORT DETAILS

1. REPORT SUMMARY
-----------------
            Netlist: netlist
          Floorplan: design_1
      Design limits: <entire design considered>
           Ruledeck: default
             Max violations: <unlimited>
             Violations found: 2
+----------+----------+-----------------------------------------------------+------------+
| Rule     | Severity | Description                                         | Violations |
+----------+----------+-----------------------------------------------------+------------+
| CFGBVS-1 | Warning  | Missing CFGBVS and CONFIG_VOLTAGE Design Properties | 1          |
| LUTLP-2  | Warning  | Combinatorial Loop Allowed                          | 1          |
+----------+----------+-----------------------------------------------------+------------+

2. REPORT DETAILS
-----------------
CFGBVS-1#1 Warning
Missing CFGBVS and CONFIG_VOLTAGE Design Properties  
Neither the CFGBVS nor CONFIG_VOLTAGE voltage property is set in the current_design.  Configuration bank voltage select (CFGBVS) must be set to VCCO or GND, and CONFIG_VOLTAGE must be set to the correct configuration voltage, in order to determine the I/O voltage support for the pins in bank 0.  It is suggested to specify these either using the 'Edit Device Properties' function in the GUI or directly in the XDC file using the following syntax:

 set_property CFGBVS value1 [current_design]
 #where value1 is either VCCO or GND

 set_property CONFIG_VOLTAGE value2 [current_design]
 #where value2 is the voltage provided to configuration bank 0

Refer to the device configuration user guide for more information.
Related violations: <none>

LUTLP-2#1 Warning
Combinatorial Loop Allowed  
349 LUT cells form a combinatorial loop. This can create a race condition. Timing analysis may not be accurate. The preferred resolution is to modify the design to remove combinatorial logic loops. This loop has been identified in the constraints as being known and understood by use of the ALLOW_COMBINATORIAL_LOOPS property on a net in the loop. The cells in the loop are: CPU/execute/ALU/added/i_/q_i_10__1, CPU/execute/ALU/added/i_/q_i_11__3,
CPU/execute/ALU/added/i_/q_i_12__5, CPU/execute/ALU/added/i_/q_i_12__6,
CPU/execute/ALU/added/i_/q_i_12__7, CPU/execute/ALU/added/i_/q_i_13__2,
CPU/execute/ALU/added/i_/q_i_14__0, CPU/execute/ALU/added/i_/q_i_15,
CPU/execute/ALU/added/i_/q_i_16__0, CPU/execute/ALU/added/i_/q_i_16__1,
CPU/execute/ALU/added/i_/q_i_16__2, CPU/execute/ALU/added/i_/q_i_17,
CPU/execute/ALU/added/i_/q_i_17__1, CPU/execute/ALU/added/i_/q_i_18,
CPU/execute/ALU/added/i_/q_i_9__4 (the first 15 of 349 listed).
Related violations: <none>


